======================================================================
  符闔博弈優選策略 - 分段增量多解採樣 V21.0
======================================================================

[載入] 錨點: 55 個
[載入] 排列: 1,111,494 個

[分析] 未知行 (按未知度排序):
  行C: 已知 5/16, 排列407,669
  行E: 已知 5/16, 排列633,271
  行A: 已知 4/16, 排列  8,731
  行B: 已知 4/16, 排列    902
  行D: 已知 4/16, 排列  1,980
  行F: 已知 4/16, 排列    359
  行I: 已知 4/16, 排列    164
  行L: 已知 4/16, 排列    620
  行N: 已知 4/16, 排列 10,668
  行G: 已知 3/16, 排列  2,356
  行H: 已知 3/16, 排列  4,782
  行M: 已知 3/16, 排列    484
  行O: 已知 3/16, 排列  5,990
  行K: 已知 2/16, 排列  2,972
  行P: 已知 2/16, 排列  1,562
  行J: 已知 1/16, 排列 28,984

----------------------------------------------------------------------
  【分段採樣策略】
----------------------------------------------------------------------

  第 1 階段: 搜索行 ['C']
    狀態: OPTIMAL, 解數: 2, 時間: 13.52s
    累計: 1 個唯一解

  第 2 階段: 搜索行 ['C', 'E']
    狀態: OPTIMAL, 解數: 2, 時間: 29.16s
    累計: 2 個唯一解

  第 3 階段: 搜索行 ['C', 'E', 'A']
    狀態: OPTIMAL, 解數: 3, 時間: 28.55s
    累計: 5 個唯一解

  第 4 階段: 搜索行 ['C', 'E', 'A', 'B']
    狀態: OPTIMAL, 解數: 3, 時間: 46.26s
    累計: 8 個唯一解

  第 5 階段: 搜索行 ['C', 'E', 'A', 'B', 'D']
    狀態: OPTIMAL, 解數: 3, 時間: 47.15s
    累計: 11 個唯一解

  第 6 階段: 搜索行 ['C', 'E', 'A', 'B', 'D', 'F']
    狀態: OPTIMAL, 解數: 3, 時間: 51.43s
    累計: 14 個唯一解

  第 7 階段: 搜索行 ['C', 'E', 'A', 'B', 'D', 'F', 'I']
    狀態: OPTIMAL, 解數: 3, 時間: 58.42s
    累計: 17 個唯一解

  第 8 階段: 搜索行 ['C', 'E', 'A', 'B', 'D', 'F', 'I', 'L']
    狀態: OPTIMAL, 解數: 3, 時間: 49.46s
    累計: 20 個唯一解

  第 9 階段: 搜索行 ['C', 'E', 'A', 'B', 'D', 'F', 'I', 'L', 'N']
    狀態: OPTIMAL, 解數: 4, 時間: 66.52s
    累計: 23 個唯一解

  第 10 階段: 搜索行 ['C', 'E', 'A', 'B', 'D', 'F', 'I', 'L', 'N', 'G']
    狀態: OPTIMAL, 解數: 3, 時間: 54.39s
    累計: 26 個唯一解

  第 11 階段: 搜索行 ['C', 'E', 'A', 'B', 'D', 'F', 'I', 'L', 'N', 'G', 'H']
    狀態: OPTIMAL, 解數: 3, 時間: 57.12s
    累計: 29 個唯一解

  第 12 階段: 搜索行 ['C', 'E', 'A', 'B', 'D', 'F', 'I', 'L', 'N', 'G', 'H', 'M']
    狀態: OPTIMAL, 解數: 3, 時間: 70.22s
    累計: 32 個唯一解

  第 13 階段: 搜索行 ['C', 'E', 'A', 'B', 'D', 'F', 'I', 'L', 'N', 'G', 'H', 'M', 'O']
    狀態: OPTIMAL, 解數: 3, 時間: 70.26s
    累計: 35 個唯一解

  第 14 階段: 搜索行 ['C', 'E', 'A', 'B', 'D', 'F', 'I', 'L', 'N', 'G', 'H', 'M', 'O', 'K']
    狀態: OPTIMAL, 解數: 1, 時間: 94.19s
    累計: 36 個唯一解

  第 15 階段: 搜索行 ['C', 'E', 'A', 'B', 'D', 'F', 'I', 'L', 'N', 'G', 'H', 'M', 'O', 'K', 'P']
    狀態: OPTIMAL, 解數: 1, 時間: 100.94s
    累計: 37 個唯一解

  第 16 階段: 搜索行 ['C', 'E', 'A', 'B', 'D', 'F', 'I', 'L', 'N', 'G', 'H', 'M', 'O', 'K', 'P', 'J']
    狀態: UNKNOWN, 解數: 0, 時間: 120.99s
    ⚠️ 無解

======================================================================
  【採樣結果】
======================================================================
  總解數: 37
  總時間: 13995.29秒
  搜索的行數: 16

  💾 結果已保存至: incremental_sampling_result.json

  【示例解】(第 1 個解的前 4 行):
    行1:  0  0  3  0  0 12  0  5  0  0  0 14  0  0  0  0
    行2:  0 12  0  0  3  0  9  0  6  0  0  0  0  0  0  0
    行3: 11 16 14  7  4  2  6  8 12 15  1  9  3 10  5 13
    行4:  0  4  0 13  7  0  1  0  0  0  0  0  0  0  0  0

======================================================================
