======================================================================
  符闔博弈優選策略 - 約束引導增量多解採樣 V22.0
======================================================================

[載入] 錨點: 55 個
[載入] 排列總數: 1,111,494
  行A:   8,731 ->   8,731 過濾後 (已知4/16)
  行B:     902 ->     902 過濾後 (已知4/16)
  行C: 407,669 ->  24,342 過濾後 (已知5/16)
  行D:   1,980 ->   1,980 過濾後 (已知4/16)
  行E: 633,271 ->  36,352 過濾後 (已知5/16)
  行F:     359 ->     359 過濾後 (已知4/16)
  行G:   2,356 ->   2,356 過濾後 (已知3/16)
  行H:   4,782 ->   4,782 過濾後 (已知3/16)
  行I:     164 ->     164 過濾後 (已知4/16)
  行J:  28,984 ->  28,984 過濾後 (已知1/16)
  行K:   2,972 ->   2,972 過濾後 (已知2/16)
  行L:     620 ->     620 過濾後 (已知4/16)
  行M:     484 ->     484 過濾後 (已知3/16)
  行N:  10,668 ->  10,668 過濾後 (已知4/16)
  行O:   5,990 ->   5,990 過濾後 (已知3/16)
  行P:   1,562 ->   1,562 過濾後 (已知2/16)

[策略] 約束引導排序（從最約束行開始）:
  行I:     164 可用排列
  行F:     359 可用排列
  行M:     484 可用排列
  行L:     620 可用排列
  行B:     902 可用排列
  行P:   1,562 可用排列
  行D:   1,980 可用排列
  行G:   2,356 可用排列
  行K:   2,972 可用排列
  行H:   4,782 可用排列
  行O:   5,990 可用排列
  行A:   8,731 可用排列
  行N:  10,668 可用排列
  行C:  24,342 可用排列
  行J:  28,984 可用排列
  行E:  36,352 可用排列

----------------------------------------------------------------------
  【增量採樣】（約束引導）
----------------------------------------------------------------------

  第 1 階段: 搜索 1 行 ['I']
    狀態: OPTIMAL, 解數: 7, 時間: 0.13s
    新解: 1, 累計: 1

  第 2 階段: 搜索 2 行 ['I', 'F']
    狀態: OPTIMAL, 解數: 1, 時間: 0.06s
    新解: 1, 累計: 2

  第 3 階段: 搜索 3 行 ['I', 'F', 'M']
    狀態: OPTIMAL, 解數: 4, 時間: 0.19s
    新解: 4, 累計: 6

  第 4 階段: 搜索 4 行 ['I', 'F', 'M', 'L']
    狀態: OPTIMAL, 解數: 4, 時間: 0.39s
    新解: 3, 累計: 9

  第 5 階段: 搜索 5 行 ['I', 'F', 'M', 'L', 'B']
    狀態: OPTIMAL, 解數: 2, 時間: 0.75s
    新解: 2, 累計: 11

  第 6 階段: 搜索 6 行 ['I', 'F', 'M', 'L', 'B', 'P']
    狀態: OPTIMAL, 解數: 3, 時間: 1.84s
    新解: 3, 累計: 14

  第 7 階段: 搜索 7 行 ['I', 'F', 'M', 'L', 'B', 'P', 'D']
    狀態: OPTIMAL, 解數: 1, 時間: 4.48s
    新解: 1, 累計: 15

  第 8 階段: 搜索 8 行 ['I', 'F', 'M', 'L', 'B', 'P', 'D', 'G']
    狀態: OPTIMAL, 解數: 1, 時間: 8.28s
    新解: 1, 累計: 16

  第 9 階段: 搜索 9 行 ['I', 'F', 'M', 'L', 'B', 'P', 'D', 'G', 'K']
    狀態: OPTIMAL, 解數: 1, 時間: 6.62s
    新解: 1, 累計: 17

  第 10 階段: 搜索 10 行 ['I', 'F', 'M', 'L', 'B', 'P', 'D', 'G', 'K', 'H']
    狀態: OPTIMAL, 解數: 1, 時間: 18.03s
    新解: 1, 累計: 18

  第 11 階段: 搜索 11 行 ['I', 'F', 'M', 'L', 'B', 'P', 'D', 'G', 'K', 'H', 'O']
    狀態: OPTIMAL, 解數: 3, 時間: 16.77s
    新解: 3, 累計: 21

  第 12 階段: 搜索 12 行 ['I', 'F', 'M', 'L', 'B', 'P', 'D', 'G', 'K', 'H', 'O', 'A']
    狀態: OPTIMAL, 解數: 1, 時間: 15.70s
    新解: 1, 累計: 22

  第 13 階段: 搜索 13 行 ['I', 'F', 'M', 'L', 'B', 'P', 'D', 'G', 'K', 'H', 'O', 'A', 'N']
    狀態: OPTIMAL, 解數: 1, 時間: 15.08s
    新解: 1, 累計: 23

  第 14 階段: 搜索 14 行 ['I', 'F', 'M', 'L', 'B', 'P', 'D', 'G', 'K', 'H', 'O', 'A', 'N', 'C']
    狀態: OPTIMAL, 解數: 1, 時間: 41.22s
    新解: 1, 累計: 24

  第 15 階段: 搜索 15 行 ['I', 'F', 'M', 'L', 'B', 'P', 'D', 'G', 'K', 'H', 'O', 'A', 'N', 'C', 'J']
    狀態: UNKNOWN, 解數: 0, 時間: 189.01s
    ⚠️ 無解，停止搜索

======================================================================
  【最終結果】
======================================================================
  總解數: 24
  總時間: 2087.58秒
  搜索階段: 15/16

  💾 結果已保存至: incremental_sampling_result.json

  【示例解】:
    行1:  0  0  3  0  0 12  0  5  0  0  0 14  0  0  0  0
    行2:  0 12  0  0  3  0  9  0  6  0  0  0  0  0  0  0
    行3:  0  0 14  0  4  2  0  8  0  0  0  0  0 10  0  0
    行4:  0  4  0 13  7  0  1  0  0  0  0  0  0  0  0  0
    行5:  0  0  0  0 13  1  0  0  0  5  0 16  4  0  0  0
    行6:  0  8  0  0 15  0  4  3  0  0  0  0  0  0  0  0
    行7: 14  0  4  6  0  0  0  0  0  0  0  0  0  0  0  0
    行8:  0 13  0  0  0  5  0  9  0  0  0  0  0  0  0  0
    行9: 13 16 12  2  1 11 10  6 14  8  9  7  5 15  4  3
    行10:  0  5  0  0  0  0  0  0  0  0  0  0  0  0  0  0
    行11:  1  0  6  0  0  0  0  0  0  0  0  0  0  0  0  0
    行12:  0  0  0  4  0 16 14  0  0  0 12  0  0  0  0  0
    行13: 15  0  0  0 12  0  0  0  5  0  0  0  0  0  0  0
    行14:  0  0  9  0  0  6  0  0 13  0  0 15  0  0  0  0
    行15:  0  1  0  0  9  0  0 15  0  0  0  0  0  0  0  0
    行16:  0  0  2  0  0  0  5  0  0  0  0  0  0  0  0  0

======================================================================
